------------------------------------------------------------
TimeQuest Timing Analyzer Summary
------------------------------------------------------------

Type  : Slow Model Setup 'CLOCK_50'
Slack : -7.912
TNS   : -1507.902

Type  : Slow Model Setup 'currentState.indeterminate'
Slack : -4.184
TNS   : -27.682

Type  : Slow Model Setup 'counter_Y[4]'
Slack : -2.570
TNS   : -13.044

Type  : Slow Model Setup 'KEY[1]'
Slack : 2.836
TNS   : 0.000

Type  : Slow Model Setup 'VGA|mypll|altpll_component|pll|clk[0]'
Slack : 32.357
TNS   : 0.000

Type  : Slow Model Hold 'KEY[1]'
Slack : -5.926
TNS   : -17.306

Type  : Slow Model Hold 'counter_Y[4]'
Slack : -3.953
TNS   : -22.340

Type  : Slow Model Hold 'currentState.indeterminate'
Slack : -3.134
TNS   : -29.230

Type  : Slow Model Hold 'CLOCK_50'
Slack : -0.083
TNS   : -0.083

Type  : Slow Model Hold 'VGA|mypll|altpll_component|pll|clk[0]'
Slack : 0.391
TNS   : 0.000

Type  : Slow Model Minimum Pulse Width 'KEY[1]'
Slack : -1.222
TNS   : -1.222

Type  : Slow Model Minimum Pulse Width 'counter_Y[4]'
Slack : 0.500
TNS   : 0.000

Type  : Slow Model Minimum Pulse Width 'currentState.indeterminate'
Slack : 0.500
TNS   : 0.000

Type  : Slow Model Minimum Pulse Width 'CLOCK_50'
Slack : 7.500
TNS   : 0.000

Type  : Slow Model Minimum Pulse Width 'VGA|mypll|altpll_component|pll|clk[0]'
Slack : 17.873
TNS   : 0.000

Type  : Fast Model Setup 'CLOCK_50'
Slack : -3.082
TNS   : -575.818

Type  : Fast Model Setup 'currentState.indeterminate'
Slack : -1.584
TNS   : -5.866

Type  : Fast Model Setup 'counter_Y[4]'
Slack : -0.798
TNS   : -3.356

Type  : Fast Model Setup 'KEY[1]'
Slack : 1.931
TNS   : 0.000

Type  : Fast Model Setup 'VGA|mypll|altpll_component|pll|clk[0]'
Slack : 36.549
TNS   : 0.000

Type  : Fast Model Hold 'KEY[1]'
Slack : -3.175
TNS   : -9.326

Type  : Fast Model Hold 'counter_Y[4]'
Slack : -2.120
TNS   : -12.344

Type  : Fast Model Hold 'currentState.indeterminate'
Slack : -1.757
TNS   : -17.396

Type  : Fast Model Hold 'CLOCK_50'
Slack : -0.503
TNS   : -12.050

Type  : Fast Model Hold 'VGA|mypll|altpll_component|pll|clk[0]'
Slack : 0.215
TNS   : 0.000

Type  : Fast Model Minimum Pulse Width 'KEY[1]'
Slack : -1.222
TNS   : -1.222

Type  : Fast Model Minimum Pulse Width 'counter_Y[4]'
Slack : 0.500
TNS   : 0.000

Type  : Fast Model Minimum Pulse Width 'currentState.indeterminate'
Slack : 0.500
TNS   : 0.000

Type  : Fast Model Minimum Pulse Width 'CLOCK_50'
Slack : 7.500
TNS   : 0.000

Type  : Fast Model Minimum Pulse Width 'VGA|mypll|altpll_component|pll|clk[0]'
Slack : 17.873
TNS   : 0.000

------------------------------------------------------------
