16:54:39 **** Auto Build of configuration Debug for project BRAM_Test ****
make pre-build main-build 
a9-linaro-pre-build-step
' '
'Building file: ../src/helloworld.c'
'Invoking: ARM v7 gcc compiler'
arm-none-eabi-gcc -Wall -O0 -g3 -c -fmessage-length=0 -MT"src/helloworld.o" -mcpu=cortex-a9 -mfpu=vfpv3 -mfloat-abi=hard -I../../standalone_bsp_0/ps7_cortexa9_0/include -MMD -MP -MF"src/helloworld.d" -MT"src/helloworld.o" -o "src/helloworld.o" "../src/helloworld.c"
In file included from ../../standalone_bsp_0/ps7_cortexa9_0/include/xil_printf.h:12:0,
                 from ../src/helloworld.c:50:
../src/helloworld.c: In function 'main':
../../standalone_bsp_0/ps7_cortexa9_0/include/xparameters.h:43:50: warning: initialization makes pointer from integer without a cast [-Wint-conversion]
 #define XPAR_AXI_BRAM_CTRL_1_S_AXI_CTRL_BASEADDR 0xFFFFFFFFU
                                                  ^
../src/helloworld.c:58:20: note: in expansion of macro 'XPAR_AXI_BRAM_CTRL_1_S_AXI_CTRL_BASEADDR'
     int *address = XPAR_AXI_BRAM_CTRL_1_S_AXI_CTRL_BASEADDR;
                    ^
../src/helloworld.c:65:27: warning: format '%X' expects argument of type 'unsigned int', but argument 2 has type 'int *' [-Wformat=]
     printf("address = 0x%0X and data = %d", address , data);
                           ^
'Finished building: ../src/helloworld.c'
' '
'Building target: BRAM_Test.elf'
'Invoking: ARM v7 gcc linker'
arm-none-eabi-gcc -mcpu=cortex-a9 -mfpu=vfpv3 -mfloat-abi=hard -Wl,-build-id=none -specs=Xilinx.spec -Wl,-T -Wl,../src/lscript.ld -L../../standalone_bsp_0/ps7_cortexa9_0/lib -o "BRAM_Test.elf"  ./src/helloworld.o ./src/platform.o   -Wl,--start-group,-lxil,-lgcc,-lc,--end-group -Wl,--start-group,-lxilffs,-lxil,-lgcc,-lc,--end-group
'Finished building target: BRAM_Test.elf'
' '
'Invoking: ARM v7 Print Size'
arm-none-eabi-size BRAM_Test.elf  |tee "BRAM_Test.elf.size"
   text	   data	    bss	    dec	    hex	filename
  71544	   2584	  23328	  97456	  17cb0	BRAM_Test.elf
'Finished building: BRAM_Test.elf.size'
' '

16:54:40 Build Finished (took 943ms)

